<?xml version="1.0" encoding="UTF-8"?>
<testsuites name="jest tests" tests="6" failures="0" errors="0" time="3.599">
  <testsuite name="测试传入一个字符" errors="0" failures="0" skipped="0" timestamp="2022-05-16T02:39:07" time="2.134" tests="4">
    <testcase classname="测试传入一个字符 接收一个className " name="测试传入一个字符 接收一个className " time="0.002">
    </testcase>
    <testcase classname="测试传入一个字符 接收两个className" name="测试传入一个字符 接收两个className" time="0">
    </testcase>
    <testcase classname="测试传入一个字符 接收三个className" name="测试传入一个字符 接收三个className" time="0">
    </testcase>
    <testcase classname="测试传入一个字符 传中文" name="测试传入一个字符 传中文" time="0.001">
    </testcase>
  </testsuite>
  <testsuite name="icon" errors="0" failures="0" skipped="0" timestamp="2022-05-16T02:39:07" time="3.091" tests="2">
    <testcase classname="icon UI 测试" name="icon UI 测试" time="0.008">
    </testcase>
    <testcase classname="icon 测试点击事件" name="icon 测试点击事件" time="0.02">
    </testcase>
  </testsuite>
</testsuites>